{"chat_sessions":[{"chat_identifier":"Apple","last":["Saint-Petersburg","Krasnodar"],"belong_number":"+79215553267","text":[{"txt":"PROBLEM CRITICAL - The weather is not good for today"},{"txt":"PROBLEM CRITICAL - The weather is not good for today"},{"txt":"PROBLEM CRITICAL - The weather is not good for today"}]},{"chat_identifier":"Apple","last":["Saint-Petersburg","Krasnodar"],"belong_number":"+79219211111","text":[{"txt":"PROBLEM WARNING - It's raining like dogs and cats"}]}]}
